
> budget-app@0.1.0 build
> prisma generate && next build

Loaded Prisma config from prisma.config.ts.

Prisma schema loaded from prisma\schema.prisma.

✔ Generated Prisma Client (v7.8.0) to .\node_modules\@prisma\client in 367ms

Start by importing your Prisma Client (See: https://pris.ly/d/importing-client)


▲ Next.js 16.2.10 (Turbopack)
- Environments: .env

  Creating an optimized production build ...
✓ Compiled successfully in 20.2s
  Running TypeScript ...
  Finished TypeScript in 14.0s ...
  Collecting page data using 3 workers ...
  Generating static pages using 3 workers (0/7) ...
⚠ Unsupported metadata themeColor is configured in metadata export in /_not-found. Please move it to viewport export instead.
Read more: https://nextjs.org/docs/app/api-reference/functions/generate-viewport
⚠ Unsupported metadata themeColor is configured in metadata export in /. Please move it to viewport export instead.
Read more: https://nextjs.org/docs/app/api-reference/functions/generate-viewport
  Generating static pages using 3 workers (1/7) 
  Generating static pages using 3 workers (3/7) 
Invalid value "320" for "height". Expected a number, "auto", or a percentage value (e.g., "50%").
Invalid value "320" for "width". Expected a number, "auto", or a percentage value (e.g., "50%").
Invalid value "320" for "height". Expected a number, "auto", or a percentage value (e.g., "50%").
Invalid value "320" for "width". Expected a number, "auto", or a percentage value (e.g., "50%").
  Generating static pages using 3 workers (5/7) 
✓ Generating static pages using 3 workers (7/7) in 2.4s
  Finalizing page optimization ...

Route (app)
┌ ƒ /
├ ○ /_not-found
├ ƒ /api/db
├ ƒ /api/expenses
├ ƒ /api/exports/expenses
├ ○ /apple-icon
├ ƒ /dashboard
├ ƒ /historique
├ ○ /icon
└ ○ /manifest.webmanifest


○  (Static)   prerendered as static content
ƒ  (Dynamic)  server-rendered on demand

